// Jest Snapshot v1, https://goo.gl/fbAQLP

exports[`renders 1`] = `
<DocumentFragment>
  <nav
    class="navbar"
  >
    <h1>
      Womens World Cup
    </h1>
    <div
      class="dark-mode__toggle"
    >
      <div
        class="toggle"
      />
    </div>
  </nav>
</DocumentFragment>
`;
