// Jest Snapshot v1, https://goo.gl/fbAQLP

exports[`renders 1`] = `
<DocumentFragment>
  <article>
    <h3>
      brian
    </h3>
    <p>
      brianlandia
    </p>
  </article>
</DocumentFragment>
`;
